./travis/test/org.asm:5: error: instruction expected, found `0xffffffffffff0000'
